// Jest Snapshot v1, https://goo.gl/fbAQLP

exports[`<Button /> matches snapshot 1`] = `
<button
  className="Button__ButtonStyles-sc-17n8azk-0 kbnOiR"
  data-testid="translate"
  loading={0}
>
  Translate
</button>
`;
